---
source: tests/render_default_theme.rs
expression: out
---
[1m[36m✦ [Opus 4.7 (1M context)][0m | [34m📂 F:\Works\naya\cc-statusline-rust[0m | 🔋 [..........] 80.0K/1.0M(8%) | [35m📊 85.3K[0m | [33m💰 $2.55[0m
[90m⏱ 5h [0m[[32m##[0m........][90m(21%)[0m ↻ 12:00 | [90m📅 7d [0m[[32m##[0m........][90m(20%)[0m ↻ 5/19 06:00
